// Jest Snapshot v1, https://goo.gl/fbAQLP

exports[`Home Component renders the component 1`] = `
<div>
  <div
    class="container text-center mt-4"
  >
    <h1
      class="display-4 mb-4"
    >
      Posts list async response
    </h1>
    <div
      class="card mb-3"
    >
      <div
        class="card-header"
      >
        sunt aut facere repellat provident occaecati excepturi optio reprehenderit
      </div>
      <div
        class="card-body"
      >
        quia et suscipit
suscipit recusandae consequuntur expedita et cum
reprehenderit molestiae ut ut quas totam
nostrum rerum est autem sunt rem eveniet architecto
      </div>
    </div>
    <div
      class="card mb-3"
    >
      <div
        class="card-header"
      >
        qui est esse
      </div>
      <div
        class="card-body"
      >
        est rerum tempore vitae
sequi sint nihil reprehenderit dolor beatae ea dolores neque
fugiat blanditiis voluptate porro vel nihil molestiae ut reiciendis
qui aperiam non debitis possimus qui neque nisi nulla
      </div>
    </div>
    <div
      class="card mb-3"
    >
      <div
        class="card-header"
      >
        ea molestias quasi exercitationem repellat qui ipsa sit aut
      </div>
      <div
        class="card-body"
      >
        et iusto sed quo iure
voluptatem occaecati omnis eligendi aut ad
voluptatem doloribus vel accusantium quis pariatur
molestiae porro eius odio et labore et velit aut
      </div>
    </div>
    <div
      class="card mb-3"
    >
      <div
        class="card-header"
      >
        eum et est occaecati
      </div>
      <div
        class="card-body"
      >
        ullam et saepe reiciendis voluptatem adipisci
sit amet autem assumenda provident rerum culpa
quis hic commodi nesciunt rem tenetur doloremque ipsam iure
quis sunt voluptatem rerum illo velit
      </div>
    </div>
    <div
      class="card mb-3"
    >
      <div
        class="card-header"
      >
        nesciunt quas odio
      </div>
      <div
        class="card-body"
      >
        repudiandae veniam quaerat sunt sed
alias aut fugiat sit autem sed est
voluptatem omnis possimus esse voluptatibus quis
est aut tenetur dolor neque
      </div>
    </div>
  </div>
</div>
`;

exports[`Home Component renders the component with is loading 1`] = `
<div>
  <div
    class="container text-center mt-4"
  >
    <h1
      class="display-4 mb-4"
    >
      Posts list async response
    </h1>
    <p>
      Is Loading...
    </p>
  </div>
</div>
`;
